// Jest Snapshot v1, https://goo.gl/fbAQLP

exports[`Form component should render component 1`] = `
<ContextProvider
  value={
    Object {
      "dirty": false,
      "errors": Object {},
      "getFieldHelpers": [Function],
      "getFieldMeta": [Function],
      "getFieldProps": [Function],
      "handleBlur": [Function],
      "handleChange": [Function],
      "handleReset": [Function],
      "handleSubmit": [Function],
      "initialErrors": Object {},
      "initialStatus": undefined,
      "initialTouched": Object {},
      "initialValues": Object {
        "comment": "",
        "rating": 0,
      },
      "isSubmitting": false,
      "isValid": true,
      "isValidating": false,
      "registerField": [Function],
      "resetForm": [Function],
      "setErrors": [Function],
      "setFieldError": [Function],
      "setFieldTouched": [Function],
      "setFieldValue": [Function],
      "setFormikState": [Function],
      "setStatus": [Function],
      "setSubmitting": [Function],
      "setTouched": [Function],
      "setValues": [Function],
      "status": undefined,
      "submitCount": 0,
      "submitForm": [Function],
      "touched": Object {},
      "unregisterField": [Function],
      "validateField": [Function],
      "validateForm": [Function],
      "validateOnBlur": true,
      "validateOnChange": true,
      "validateOnMount": false,
      "values": Object {
        "comment": "",
        "rating": 0,
      },
    }
  }
>
  <Styled(Form)
    onSubmit={[Function]}
  >
    <FormGroup>
      <FormLabel
        column={false}
        srOnly={false}
      >
        Products's rate:
      </FormLabel>
      <RatingStars
        name="rating"
      />
    </FormGroup>
    <FormGroup
      controlId="formComment"
    >
      <FormLabel
        column={false}
        srOnly={false}
      >
        Your comment:
      </FormLabel>
      <FormControl
        as="textarea"
        name="comment"
        onChange={[Function]}
        placeholder="Enter comment"
        value=""
      />
    </FormGroup>
    <Styled(Button)
      type="submit"
      variant="primary"
    >
      Send
    </Styled(Button)>
  </Styled(Form)>
</ContextProvider>
`;
